Analysis & Synthesis report for part7
Tue Aug 20 18:19:53 2019
Quartus II 64-Bit Version 13.0.1 Build 232 06/12/2013 Service Pack 1 SJ Web Edition


---------------------
; Table of Contents ;
---------------------
  1. Legal Notice
  2. Analysis & Synthesis Summary
  3. Analysis & Synthesis Settings
  4. Parallel Compilation
  5. Analysis & Synthesis Source Files Read
  6. Analysis & Synthesis Resource Usage Summary
  7. Analysis & Synthesis Resource Utilization by Entity
  8. Analysis & Synthesis DSP Block Usage Summary
  9. Analysis & Synthesis IP Cores Summary
 10. User-Specified and Inferred Latches
 11. General Register Statistics
 12. Parameter Settings for User Entity Instance: mult_lpm:mult|lpm_mult:lpm_mult_component
 13. lpm_mult Parameter Settings by Entity Instance
 14. Elapsed Time Per Partition
 15. Analysis & Synthesis Messages



----------------
; Legal Notice ;
----------------
Copyright (C) 1991-2013 Altera Corporation
Your use of Altera Corporation's design tools, logic functions 
and other software and tools, and its AMPP partner logic 
functions, and any output files from any of the foregoing 
(including device programming or simulation files), and any 
associated documentation or information are expressly subject 
to the terms and conditions of the Altera Program License 
Subscription Agreement, Altera MegaCore Function License 
Agreement, or other applicable license agreement, including, 
without limitation, that your use is for the sole purpose of 
programming logic devices manufactured by Altera and sold by 
Altera or its authorized distributors.  Please refer to the 
applicable agreement for further details.



+--------------------------------------------------------------------------------------+
; Analysis & Synthesis Summary                                                         ;
+------------------------------------+-------------------------------------------------+
; Analysis & Synthesis Status        ; Successful - Tue Aug 20 18:19:53 2019           ;
; Quartus II 64-Bit Version          ; 13.0.1 Build 232 06/12/2013 SP 1 SJ Web Edition ;
; Revision Name                      ; part7                                           ;
; Top-level Entity Name              ; part7                                           ;
; Family                             ; Cyclone II                                      ;
; Total logic elements               ; 45                                              ;
;     Total combinational functions  ; 45                                              ;
;     Dedicated logic registers      ; 0                                               ;
; Total registers                    ; 0                                               ;
; Total pins                         ; 39                                              ;
; Total virtual pins                 ; 0                                               ;
; Total memory bits                  ; 0                                               ;
; Embedded Multiplier 9-bit elements ; 1                                               ;
; Total PLLs                         ; 0                                               ;
+------------------------------------+-------------------------------------------------+


+----------------------------------------------------------------------------------------------------------------------+
; Analysis & Synthesis Settings                                                                                        ;
+----------------------------------------------------------------------------+--------------------+--------------------+
; Option                                                                     ; Setting            ; Default Value      ;
+----------------------------------------------------------------------------+--------------------+--------------------+
; Device                                                                     ; EP2C20F484C7       ;                    ;
; Top-level entity name                                                      ; part7              ; part7              ;
; Family name                                                                ; Cyclone II         ; Cyclone IV GX      ;
; Use smart compilation                                                      ; Off                ; Off                ;
; Enable parallel Assembler and TimeQuest Timing Analyzer during compilation ; On                 ; On                 ;
; Enable compact report table                                                ; Off                ; Off                ;
; Restructure Multiplexers                                                   ; Auto               ; Auto               ;
; Create Debugging Nodes for IP Cores                                        ; Off                ; Off                ;
; Preserve fewer node names                                                  ; On                 ; On                 ;
; Disable OpenCore Plus hardware evaluation                                  ; Off                ; Off                ;
; Verilog Version                                                            ; Verilog_2001       ; Verilog_2001       ;
; VHDL Version                                                               ; VHDL_1993          ; VHDL_1993          ;
; State Machine Processing                                                   ; Auto               ; Auto               ;
; Safe State Machine                                                         ; Off                ; Off                ;
; Extract Verilog State Machines                                             ; On                 ; On                 ;
; Extract VHDL State Machines                                                ; On                 ; On                 ;
; Ignore Verilog initial constructs                                          ; Off                ; Off                ;
; Iteration limit for constant Verilog loops                                 ; 5000               ; 5000               ;
; Iteration limit for non-constant Verilog loops                             ; 250                ; 250                ;
; Add Pass-Through Logic to Inferred RAMs                                    ; On                 ; On                 ;
; Infer RAMs from Raw Logic                                                  ; On                 ; On                 ;
; Parallel Synthesis                                                         ; On                 ; On                 ;
; DSP Block Balancing                                                        ; Auto               ; Auto               ;
; NOT Gate Push-Back                                                         ; On                 ; On                 ;
; Power-Up Don't Care                                                        ; On                 ; On                 ;
; Remove Redundant Logic Cells                                               ; Off                ; Off                ;
; Remove Duplicate Registers                                                 ; On                 ; On                 ;
; Ignore CARRY Buffers                                                       ; Off                ; Off                ;
; Ignore CASCADE Buffers                                                     ; Off                ; Off                ;
; Ignore GLOBAL Buffers                                                      ; Off                ; Off                ;
; Ignore ROW GLOBAL Buffers                                                  ; Off                ; Off                ;
; Ignore LCELL Buffers                                                       ; Off                ; Off                ;
; Ignore SOFT Buffers                                                        ; On                 ; On                 ;
; Limit AHDL Integers to 32 Bits                                             ; Off                ; Off                ;
; Optimization Technique                                                     ; Balanced           ; Balanced           ;
; Carry Chain Length                                                         ; 70                 ; 70                 ;
; Auto Carry Chains                                                          ; On                 ; On                 ;
; Auto Open-Drain Pins                                                       ; On                 ; On                 ;
; Perform WYSIWYG Primitive Resynthesis                                      ; Off                ; Off                ;
; Auto ROM Replacement                                                       ; On                 ; On                 ;
; Auto RAM Replacement                                                       ; On                 ; On                 ;
; Auto Shift Register Replacement                                            ; Auto               ; Auto               ;
; Allow Shift Register Merging across Hierarchies                            ; Auto               ; Auto               ;
; Auto Clock Enable Replacement                                              ; On                 ; On                 ;
; Strict RAM Replacement                                                     ; Off                ; Off                ;
; Allow Synchronous Control Signals                                          ; On                 ; On                 ;
; Force Use of Synchronous Clear Signals                                     ; Off                ; Off                ;
; Auto RAM to Logic Cell Conversion                                          ; Off                ; Off                ;
; Auto Resource Sharing                                                      ; Off                ; Off                ;
; Allow Any RAM Size For Recognition                                         ; Off                ; Off                ;
; Allow Any ROM Size For Recognition                                         ; Off                ; Off                ;
; Allow Any Shift Register Size For Recognition                              ; Off                ; Off                ;
; Use LogicLock Constraints during Resource Balancing                        ; On                 ; On                 ;
; Ignore translate_off and synthesis_off directives                          ; Off                ; Off                ;
; Timing-Driven Synthesis                                                    ; Off                ; Off                ;
; Report Parameter Settings                                                  ; On                 ; On                 ;
; Report Source Assignments                                                  ; On                 ; On                 ;
; Report Connectivity Checks                                                 ; On                 ; On                 ;
; Ignore Maximum Fan-Out Assignments                                         ; Off                ; Off                ;
; Synchronization Register Chain Length                                      ; 2                  ; 2                  ;
; PowerPlay Power Optimization                                               ; Normal compilation ; Normal compilation ;
; HDL message level                                                          ; Level2             ; Level2             ;
; Suppress Register Optimization Related Messages                            ; Off                ; Off                ;
; Number of Removed Registers Reported in Synthesis Report                   ; 5000               ; 5000               ;
; Number of Swept Nodes Reported in Synthesis Report                         ; 5000               ; 5000               ;
; Number of Inverted Registers Reported in Synthesis Report                  ; 100                ; 100                ;
; Clock MUX Protection                                                       ; On                 ; On                 ;
; Auto Gated Clock Conversion                                                ; Off                ; Off                ;
; Block Design Naming                                                        ; Auto               ; Auto               ;
; SDC constraint protection                                                  ; Off                ; Off                ;
; Synthesis Effort                                                           ; Auto               ; Auto               ;
; Shift Register Replacement - Allow Asynchronous Clear Signal               ; On                 ; On                 ;
; Pre-Mapping Resynthesis Optimization                                       ; Off                ; Off                ;
; Analysis & Synthesis Message Level                                         ; Medium             ; Medium             ;
; Disable Register Merging Across Hierarchies                                ; Auto               ; Auto               ;
; Resource Aware Inference For Block RAM                                     ; On                 ; On                 ;
; Synthesis Seed                                                             ; 1                  ; 1                  ;
+----------------------------------------------------------------------------+--------------------+--------------------+


+------------------------------------------+
; Parallel Compilation                     ;
+----------------------------+-------------+
; Processors                 ; Number      ;
+----------------------------+-------------+
; Number detected on machine ; 4           ;
; Maximum allowed            ; 2           ;
;                            ;             ;
; Average used               ; 1.00        ;
; Maximum used               ; 1           ;
;                            ;             ;
; Usage by Processor         ; % Time Used ;
;     Processor 1            ; 100.0%      ;
;     Processors 2-4         ;   0.0%      ;
+----------------------------+-------------+


+-------------------------------------------------------------------------------------------------------------------------------------------------------------------------+
; Analysis & Synthesis Source Files Read                                                                                                                                  ;
+----------------------------------+-----------------+------------------------------+---------------------------------------------------------------------------+---------+
; File Name with User-Entered Path ; Used in Netlist ; File Type                    ; File Name with Absolute Path                                              ; Library ;
+----------------------------------+-----------------+------------------------------+---------------------------------------------------------------------------+---------+
; mult_lpm.v                       ; yes             ; User Wizard-Generated File   ; /home/omar/Desktop/FPGA/labs_performed/lab6/part7/mult_lpm.v              ;         ;
; part7.v                          ; yes             ; User Verilog HDL File        ; /home/omar/Desktop/FPGA/labs_performed/lab6/part7/part7.v                 ;         ;
; lpm_mult.tdf                     ; yes             ; Megafunction                 ; /home/omar/altera/13.0sp1/quartus/libraries/megafunctions/lpm_mult.tdf    ;         ;
; aglobal130.inc                   ; yes             ; Megafunction                 ; /home/omar/altera/13.0sp1/quartus/libraries/megafunctions/aglobal130.inc  ;         ;
; lpm_add_sub.inc                  ; yes             ; Megafunction                 ; /home/omar/altera/13.0sp1/quartus/libraries/megafunctions/lpm_add_sub.inc ;         ;
; multcore.inc                     ; yes             ; Megafunction                 ; /home/omar/altera/13.0sp1/quartus/libraries/megafunctions/multcore.inc    ;         ;
; bypassff.inc                     ; yes             ; Megafunction                 ; /home/omar/altera/13.0sp1/quartus/libraries/megafunctions/bypassff.inc    ;         ;
; altshift.inc                     ; yes             ; Megafunction                 ; /home/omar/altera/13.0sp1/quartus/libraries/megafunctions/altshift.inc    ;         ;
; db/mult_a8n.tdf                  ; yes             ; Auto-Generated Megafunction  ; /home/omar/Desktop/FPGA/labs_performed/lab6/part7/db/mult_a8n.tdf         ;         ;
+----------------------------------+-----------------+------------------------------+---------------------------------------------------------------------------+---------+


+---------------------------------------------------------------------------------------------------------------------------+
; Analysis & Synthesis Resource Usage Summary                                                                               ;
+---------------------------------------------+-----------------------------------------------------------------------------+
; Resource                                    ; Usage                                                                       ;
+---------------------------------------------+-----------------------------------------------------------------------------+
; Estimated Total logic elements              ; 45                                                                          ;
;                                             ;                                                                             ;
; Total combinational functions               ; 45                                                                          ;
; Logic element usage by number of LUT inputs ;                                                                             ;
;     -- 4 input functions                    ; 32                                                                          ;
;     -- 3 input functions                    ; 12                                                                          ;
;     -- <=2 input functions                  ; 1                                                                           ;
;                                             ;                                                                             ;
; Logic elements by mode                      ;                                                                             ;
;     -- normal mode                          ; 45                                                                          ;
;     -- arithmetic mode                      ; 0                                                                           ;
;                                             ;                                                                             ;
; Total registers                             ; 0                                                                           ;
;     -- Dedicated logic registers            ; 0                                                                           ;
;     -- I/O registers                        ; 0                                                                           ;
;                                             ;                                                                             ;
; I/O pins                                    ; 39                                                                          ;
; Embedded Multiplier 9-bit elements          ; 1                                                                           ;
; Maximum fan-out node                        ; mult_lpm:mult|lpm_mult:lpm_mult_component|mult_a8n:auto_generated|result[0] ;
; Maximum fan-out                             ; 28                                                                          ;
; Total fan-out                               ; 138                                                                         ;
; Average fan-out                             ; 1.60                                                                        ;
+---------------------------------------------+-----------------------------------------------------------------------------+


+-------------------------------------------------------------------------------------------------------------------------------------------------------------------------------------------------------------------------------------------+
; Analysis & Synthesis Resource Utilization by Entity                                                                                                                                                                                       ;
+-------------------------------------+-------------------+--------------+-------------+--------------+---------+-----------+------+--------------+--------------------------------------------------------------------------+--------------+
; Compilation Hierarchy Node          ; LC Combinationals ; LC Registers ; Memory Bits ; DSP Elements ; DSP 9x9 ; DSP 18x18 ; Pins ; Virtual Pins ; Full Hierarchy Name                                                      ; Library Name ;
+-------------------------------------+-------------------+--------------+-------------+--------------+---------+-----------+------+--------------+--------------------------------------------------------------------------+--------------+
; |part7                              ; 45 (17)           ; 0 (0)        ; 0           ; 1            ; 1       ; 0         ; 39   ; 0            ; |part7                                                                   ; work         ;
;    |HexDisp:four|                   ; 7 (7)             ; 0 (0)        ; 0           ; 0            ; 0       ; 0         ; 0    ; 0            ; |part7|HexDisp:four                                                      ; work         ;
;    |HexDisp:one|                    ; 7 (7)             ; 0 (0)        ; 0           ; 0            ; 0       ; 0         ; 0    ; 0            ; |part7|HexDisp:one                                                       ; work         ;
;    |HexDisp:three|                  ; 7 (7)             ; 0 (0)        ; 0           ; 0            ; 0       ; 0         ; 0    ; 0            ; |part7|HexDisp:three                                                     ; work         ;
;    |HexDisp:two|                    ; 7 (7)             ; 0 (0)        ; 0           ; 0            ; 0       ; 0         ; 0    ; 0            ; |part7|HexDisp:two                                                       ; work         ;
;    |mult_lpm:mult|                  ; 0 (0)             ; 0 (0)        ; 0           ; 1            ; 1       ; 0         ; 0    ; 0            ; |part7|mult_lpm:mult                                                     ; work         ;
;       |lpm_mult:lpm_mult_component| ; 0 (0)             ; 0 (0)        ; 0           ; 1            ; 1       ; 0         ; 0    ; 0            ; |part7|mult_lpm:mult|lpm_mult:lpm_mult_component                         ; work         ;
;          |mult_a8n:auto_generated|  ; 0 (0)             ; 0 (0)        ; 0           ; 1            ; 1       ; 0         ; 0    ; 0            ; |part7|mult_lpm:mult|lpm_mult:lpm_mult_component|mult_a8n:auto_generated ; work         ;
+-------------------------------------+-------------------+--------------+-------------+--------------+---------+-----------+------+--------------+--------------------------------------------------------------------------+--------------+
Note: For table entries with two numbers listed, the numbers in parentheses indicate the number of resources of the given type used by the specific entity alone. The numbers listed outside of parentheses indicate the total resources of the given type used by the specific entity and all of its sub-entities in the hierarchy.


+-----------------------------------------------------+
; Analysis & Synthesis DSP Block Usage Summary        ;
+---------------------------------------+-------------+
; Statistic                             ; Number Used ;
+---------------------------------------+-------------+
; Simple Multipliers (9-bit)            ; 1           ;
; Simple Multipliers (18-bit)           ; 0           ;
; Embedded Multiplier Blocks            ; --          ;
; Embedded Multiplier 9-bit elements    ; 1           ;
; Signed Embedded Multipliers           ; 0           ;
; Unsigned Embedded Multipliers         ; 1           ;
; Mixed Sign Embedded Multipliers       ; 0           ;
; Variable Sign Embedded Multipliers    ; 0           ;
; Dedicated Input Shift Register Chains ; 0           ;
+---------------------------------------+-------------+
Note: number of Embedded Multiplier Blocks used is only available after a successful fit.


+-----------------------------------------------------------------------------------------------------------------------------------------------------+
; Analysis & Synthesis IP Cores Summary                                                                                                               ;
+--------+--------------+---------+--------------+--------------+----------------------+--------------------------------------------------------------+
; Vendor ; IP Core Name ; Version ; Release Date ; License Type ; Entity Instance      ; IP Include File                                              ;
+--------+--------------+---------+--------------+--------------+----------------------+--------------------------------------------------------------+
; Altera ; LPM_MULT     ; 13.0    ; N/A          ; N/A          ; |part7|mult_lpm:mult ; /home/omar/Desktop/FPGA/labs_performed/lab6/part7/mult_lpm.v ;
+--------+--------------+---------+--------------+--------------+----------------------+--------------------------------------------------------------+


+----------------------------------------------------------------------------------------------------+
; User-Specified and Inferred Latches                                                                ;
+-----------------------------------------------------+---------------------+------------------------+
; Latch Name                                          ; Latch Enable Signal ; Free of Timing Hazards ;
+-----------------------------------------------------+---------------------+------------------------+
; dataa[0]                                            ; KEY[0]              ; yes                    ;
; dataa[1]                                            ; KEY[0]              ; yes                    ;
; dataa[2]                                            ; KEY[0]              ; yes                    ;
; dataa[3]                                            ; KEY[0]              ; yes                    ;
; dataa[4]                                            ; KEY[0]              ; yes                    ;
; dataa[5]                                            ; KEY[0]              ; yes                    ;
; dataa[6]                                            ; KEY[0]              ; yes                    ;
; dataa[7]                                            ; KEY[0]              ; yes                    ;
; datab[0]                                            ; KEY[1]              ; yes                    ;
; datab[1]                                            ; KEY[1]              ; yes                    ;
; datab[2]                                            ; KEY[1]              ; yes                    ;
; datab[3]                                            ; KEY[1]              ; yes                    ;
; datab[4]                                            ; KEY[1]              ; yes                    ;
; datab[5]                                            ; KEY[1]              ; yes                    ;
; datab[6]                                            ; KEY[1]              ; yes                    ;
; datab[7]                                            ; KEY[1]              ; yes                    ;
; Number of user-specified and inferred latches = 16  ;                     ;                        ;
+-----------------------------------------------------+---------------------+------------------------+
Note: All latches listed above may not be present at the end of synthesis due to various synthesis optimizations.


+------------------------------------------------------+
; General Register Statistics                          ;
+----------------------------------------------+-------+
; Statistic                                    ; Value ;
+----------------------------------------------+-------+
; Total registers                              ; 0     ;
; Number of registers using Synchronous Clear  ; 0     ;
; Number of registers using Synchronous Load   ; 0     ;
; Number of registers using Asynchronous Clear ; 0     ;
; Number of registers using Asynchronous Load  ; 0     ;
; Number of registers using Clock Enable       ; 0     ;
; Number of registers using Preset             ; 0     ;
+----------------------------------------------+-------+


+----------------------------------------------------------------------------------------+
; Parameter Settings for User Entity Instance: mult_lpm:mult|lpm_mult:lpm_mult_component ;
+------------------------------------------------+------------+--------------------------+
; Parameter Name                                 ; Value      ; Type                     ;
+------------------------------------------------+------------+--------------------------+
; AUTO_CARRY_CHAINS                              ; ON         ; AUTO_CARRY               ;
; IGNORE_CARRY_BUFFERS                           ; OFF        ; IGNORE_CARRY             ;
; AUTO_CASCADE_CHAINS                            ; ON         ; AUTO_CASCADE             ;
; IGNORE_CASCADE_BUFFERS                         ; OFF        ; IGNORE_CASCADE           ;
; LPM_WIDTHA                                     ; 8          ; Signed Integer           ;
; LPM_WIDTHB                                     ; 8          ; Signed Integer           ;
; LPM_WIDTHP                                     ; 16         ; Signed Integer           ;
; LPM_WIDTHR                                     ; 0          ; Untyped                  ;
; LPM_WIDTHS                                     ; 1          ; Untyped                  ;
; LPM_REPRESENTATION                             ; UNSIGNED   ; Untyped                  ;
; LPM_PIPELINE                                   ; 0          ; Untyped                  ;
; LATENCY                                        ; 0          ; Untyped                  ;
; INPUT_A_IS_CONSTANT                            ; NO         ; Untyped                  ;
; INPUT_B_IS_CONSTANT                            ; NO         ; Untyped                  ;
; USE_EAB                                        ; OFF        ; Untyped                  ;
; MAXIMIZE_SPEED                                 ; 5          ; Untyped                  ;
; DEVICE_FAMILY                                  ; Cyclone II ; Untyped                  ;
; CARRY_CHAIN                                    ; MANUAL     ; Untyped                  ;
; APEX20K_TECHNOLOGY_MAPPER                      ; LUT        ; TECH_MAPPER_APEX20K      ;
; DEDICATED_MULTIPLIER_CIRCUITRY                 ; AUTO       ; Untyped                  ;
; DEDICATED_MULTIPLIER_MIN_INPUT_WIDTH_FOR_AUTO  ; 0          ; Untyped                  ;
; DEDICATED_MULTIPLIER_MIN_OUTPUT_WIDTH_FOR_AUTO ; 0          ; Untyped                  ;
; CBXI_PARAMETER                                 ; mult_a8n   ; Untyped                  ;
; INPUT_A_FIXED_VALUE                            ; Bx         ; Untyped                  ;
; INPUT_B_FIXED_VALUE                            ; Bx         ; Untyped                  ;
; USE_AHDL_IMPLEMENTATION                        ; OFF        ; Untyped                  ;
+------------------------------------------------+------------+--------------------------+
Note: In order to hide this table in the UI and the text report file, please set the "Show Parameter Settings in Synthesis Report" option in "Analysis and Synthesis Settings -> More Settings" to "Off".


+-----------------------------------------------------------------------------------+
; lpm_mult Parameter Settings by Entity Instance                                    ;
+---------------------------------------+-------------------------------------------+
; Name                                  ; Value                                     ;
+---------------------------------------+-------------------------------------------+
; Number of entity instances            ; 1                                         ;
; Entity Instance                       ; mult_lpm:mult|lpm_mult:lpm_mult_component ;
;     -- LPM_WIDTHA                     ; 8                                         ;
;     -- LPM_WIDTHB                     ; 8                                         ;
;     -- LPM_WIDTHP                     ; 16                                        ;
;     -- LPM_REPRESENTATION             ; UNSIGNED                                  ;
;     -- INPUT_A_IS_CONSTANT            ; NO                                        ;
;     -- INPUT_B_IS_CONSTANT            ; NO                                        ;
;     -- USE_EAB                        ; OFF                                       ;
;     -- DEDICATED_MULTIPLIER_CIRCUITRY ; AUTO                                      ;
;     -- INPUT_A_FIXED_VALUE            ; Bx                                        ;
;     -- INPUT_B_FIXED_VALUE            ; Bx                                        ;
+---------------------------------------+-------------------------------------------+


+-------------------------------+
; Elapsed Time Per Partition    ;
+----------------+--------------+
; Partition Name ; Elapsed Time ;
+----------------+--------------+
; Top            ; 00:00:00     ;
+----------------+--------------+


+-------------------------------+
; Analysis & Synthesis Messages ;
+-------------------------------+
Info: *******************************************************************
Info: Running Quartus II 64-Bit Analysis & Synthesis
    Info: Version 13.0.1 Build 232 06/12/2013 Service Pack 1 SJ Web Edition
    Info: Processing started: Tue Aug 20 18:19:51 2019
Info: Command: quartus_map --read_settings_files=on --write_settings_files=off part7 -c part7
Info (11104): Parallel Compilation has detected 4 hyper-threaded processors. However, the extra hyper-threaded processors will not be used by default. Parallel Compilation will use 2 of the 2 physical processors detected instead.
Info (12021): Found 1 design units, including 1 entities, in source file mult_lpm.v
    Info (12023): Found entity 1: mult_lpm
Info (12021): Found 3 design units, including 3 entities, in source file part7.v
    Info (12023): Found entity 1: part7
    Info (12023): Found entity 2: Bin2HEX
    Info (12023): Found entity 3: HexDisp
Info (12127): Elaborating entity "part7" for the top level hierarchy
Warning (10240): Verilog HDL Always Construct warning at part7.v(15): inferring latch(es) for variable "dataa", which holds its previous value in one or more paths through the always construct
Warning (10240): Verilog HDL Always Construct warning at part7.v(15): inferring latch(es) for variable "datab", which holds its previous value in one or more paths through the always construct
Info (10041): Inferred latch for "dataa[0]" at part7.v(19)
Info (10041): Inferred latch for "dataa[1]" at part7.v(19)
Info (10041): Inferred latch for "dataa[2]" at part7.v(19)
Info (10041): Inferred latch for "dataa[3]" at part7.v(19)
Info (10041): Inferred latch for "dataa[4]" at part7.v(19)
Info (10041): Inferred latch for "dataa[5]" at part7.v(19)
Info (10041): Inferred latch for "dataa[6]" at part7.v(19)
Info (10041): Inferred latch for "dataa[7]" at part7.v(19)
Info (10041): Inferred latch for "datab[0]" at part7.v(19)
Info (10041): Inferred latch for "datab[1]" at part7.v(19)
Info (10041): Inferred latch for "datab[2]" at part7.v(19)
Info (10041): Inferred latch for "datab[3]" at part7.v(19)
Info (10041): Inferred latch for "datab[4]" at part7.v(19)
Info (10041): Inferred latch for "datab[5]" at part7.v(19)
Info (10041): Inferred latch for "datab[6]" at part7.v(19)
Info (10041): Inferred latch for "datab[7]" at part7.v(19)
Info (12128): Elaborating entity "mult_lpm" for hierarchy "mult_lpm:mult"
Info (12128): Elaborating entity "lpm_mult" for hierarchy "mult_lpm:mult|lpm_mult:lpm_mult_component"
Info (12130): Elaborated megafunction instantiation "mult_lpm:mult|lpm_mult:lpm_mult_component"
Info (12133): Instantiated megafunction "mult_lpm:mult|lpm_mult:lpm_mult_component" with the following parameter:
    Info (12134): Parameter "lpm_hint" = "MAXIMIZE_SPEED=5"
    Info (12134): Parameter "lpm_representation" = "UNSIGNED"
    Info (12134): Parameter "lpm_type" = "LPM_MULT"
    Info (12134): Parameter "lpm_widtha" = "8"
    Info (12134): Parameter "lpm_widthb" = "8"
    Info (12134): Parameter "lpm_widthp" = "16"
Info (12021): Found 1 design units, including 1 entities, in source file db/mult_a8n.tdf
    Info (12023): Found entity 1: mult_a8n
Info (12128): Elaborating entity "mult_a8n" for hierarchy "mult_lpm:mult|lpm_mult:lpm_mult_component|mult_a8n:auto_generated"
Info (12128): Elaborating entity "HexDisp" for hierarchy "HexDisp:one"
Info (16010): Generating hard_block partition "hard_block:auto_generated_inst"
    Info (16011): Adding 0 node(s), including 0 DDIO, 0 PLL, 0 transceiver and 0 LCELL
Info (21057): Implemented 85 device resources after synthesis - the final resource count might be different
    Info (21058): Implemented 11 input pins
    Info (21059): Implemented 28 output pins
    Info (21061): Implemented 45 logic cells
    Info (21062): Implemented 1 DSP elements
Info: Quartus II 64-Bit Analysis & Synthesis was successful. 0 errors, 2 warnings
    Info: Peak virtual memory: 657 megabytes
    Info: Processing ended: Tue Aug 20 18:19:53 2019
    Info: Elapsed time: 00:00:02
    Info: Total CPU time (on all processors): 00:00:02


